// Jest Snapshot v1, https://goo.gl/fbAQLP

exports[`Test for rendering the RocketsPage Component`] = `
<div>
  <div
    class="container"
  >
    <ul
      class="flex1"
    />
  </div>
</div>
`;

exports[`Test the Rockets Component rockets section renders 1`] = `<div />`;
